/Users/teodors.kerimovs/STM32CubeIDE/workspace_1.14.0/gigatik/Inc/Drivers/CMSIS/Core/Include/core_cm3.h:1480:22:__NVIC_SetPriorityGrouping	24	static
/Users/teodors.kerimovs/STM32CubeIDE/workspace_1.14.0/gigatik/Inc/Drivers/CMSIS/Core/Include/core_cm3.h:1511:22:__NVIC_EnableIRQ	16	static
/Users/teodors.kerimovs/STM32CubeIDE/workspace_1.14.0/gigatik/Inc/Drivers/CMSIS/Core/Include/core_cm3.h:1639:22:__NVIC_SetPriority	16	static
/Users/teodors.kerimovs/STM32CubeIDE/workspace_1.14.0/gigatik/Inc/Drivers/CMSIS/Core/Include/core_cm3.h:1686:26:NVIC_EncodePriority	40	static
../Src/uart.c:18:6:ConfigureUART	24	static
../Src/uart.c:47:6:EnableUART	4	static
../Src/uart.c:55:10:uart_read	24	static
../Src/uart.c:69:9:uart_read_byte	16	static
../Src/uart.c:76:6:uart_send_byte	16	static
../Src/uart.c:81:6:uart_send_string	24	static
../Src/uart.c:89:6:uart_data_available	8	static
../Src/uart.c:94:6:USART2_IRQHandler	8	static
