23:00:23 **** Incremental Build of configuration Debug for project gigatik ****
make -j9 all 
arm-none-eabi-gcc "../Src/timers.c" -mcpu=cortex-m3 -std=gnu11 -g3 '-DUART_BAUD_RATE = 9600' '-DLED_0_GPIOB_PIN = 2' '-DLED_1_GPIOB_PIN = 5' -DDEBUG -DSTM32F103RBTx -DSTM32 -DSTM32F1 -DNUCLEO_F103RB -DSTM32F103xB -c -I../Inc -I"/Users/teodors.kerimovs/STM32CubeIDE/workspace_1.14.0/gigatik/Inc/Drivers/CMSIS/Device/ST/STM32F1xx/Include" -I"/Users/teodors.kerimovs/STM32CubeIDE/workspace_1.14.0/gigatik/Inc/Drivers/CMSIS/Core/Include" -O0 -ffunction-sections -fdata-sections -Wall -fstack-usage -fcyclomatic-complexity -MMD -MP -MF"Src/timers.d" -MT"Src/timers.o" --specs=nano.specs -mfloat-abi=soft -mthumb -o "Src/timers.o"
arm-none-eabi-gcc -o "gigatik.elf" @"objects.list"   -mcpu=cortex-m3 -T"/Users/teodors.kerimovs/STM32CubeIDE/workspace_1.14.0/gigatik/STM32F103RBTX_FLASH.ld" --specs=nosys.specs -Wl,-Map="gigatik.map" -Wl,--gc-sections -static --specs=nano.specs -mfloat-abi=soft -mthumb -Wl,--start-group -lc -lm -Wl,--end-group
Finished building target: gigatik.elf
 
arm-none-eabi-size  gigatik.elf 
arm-none-eabi-objdump -h -S gigatik.elf  > "gigatik.list"
   text	   data	    bss	    dec	    hex	filename
   6996	     88	   3464	  10548	   2934	gigatik.elf
Finished building: default.size.stdout
 
Finished building: gigatik.list
 
23:00:30 **** Incremental Build of configuration Debug for project gigatik ****
make -j9 all 
arm-none-eabi-size  gigatik.elf 
   text	   data	    bss	    dec	    hex	filename
   6996	     88	   3464	  10548	   2934	gigatik.elf
Finished building: default.size.stdout
 
